app/(dashboard)/districts/page.tsx(6,33): error TS6133: 'deleteDocument' is declared but its value is never read.
app/(dashboard)/sections/page.tsx(10,24): error TS6133: 'Save' is declared but its value is never read.
app/(dashboard)/units/page.tsx(5,50): error TS6133: 'AlertTriangle' is declared but its value is never read.
app/(dashboard)/units/page.tsx(43,12): error TS6133: 'resizingColumn' is declared but its value is never read.
app/(user)/contact/page.tsx(3,29): error TS6133: 'Server' is declared but its value is never read.
app/(user)/contact/page.tsx(3,37): error TS6133: 'Database' is declared but its value is never read.
app/layout.tsx(23,26): error TS2322: Type '{ children: ReactNode; attribute: string; defaultTheme: "light"; enableSystem: true; }' is not assignable to type 'IntrinsicAttributes & ThemeProviderProps'.
  Property 'attribute' does not exist on type 'IntrinsicAttributes & ThemeProviderProps'.
app/register/page.tsx(27,5): error TS2305: Module '"@/lib/constants"' has no exported member 'HIGH_RANKING_OFFICERS'.
